Archive member included to satisfy reference by file (symbol)

/usr/local/gcc-arm-none-eabi-5_4-2016q3/bin/../lib/gcc/arm-none-eabi/5.4.1/armv7e-m/libgcc.a(_arm_muldivsf3.o)
                              ./src/main.o (__aeabi_fmul)
/usr/local/gcc-arm-none-eabi-5_4-2016q3/bin/../lib/gcc/arm-none-eabi/5.4.1/armv7e-m/libgcc.a(_arm_fixunssfsi.o)
                              ./src/main.o (__aeabi_f2uiz)
/usr/local/gcc-arm-none-eabi-5_4-2016q3/bin/../lib/gcc/arm-none-eabi/5.4.1/../../../../arm-none-eabi/lib/armv7e-m/libg_nano.a(lib_a-errno.o)
                              ./system/src/newlib/_sbrk.o (__errno)
/usr/local/gcc-arm-none-eabi-5_4-2016q3/bin/../lib/gcc/arm-none-eabi/5.4.1/../../../../arm-none-eabi/lib/armv7e-m/libg_nano.a(lib_a-impure.o)
                              /usr/local/gcc-arm-none-eabi-5_4-2016q3/bin/../lib/gcc/arm-none-eabi/5.4.1/../../../../arm-none-eabi/lib/armv7e-m/libg_nano.a(lib_a-errno.o) (_impure_ptr)
/usr/local/gcc-arm-none-eabi-5_4-2016q3/bin/../lib/gcc/arm-none-eabi/5.4.1/../../../../arm-none-eabi/lib/armv7e-m/libg_nano.a(lib_a-strlen.o)
                              ./system/src/diag/Trace.o (strlen)
/usr/local/gcc-arm-none-eabi-5_4-2016q3/bin/../lib/gcc/arm-none-eabi/5.4.1/../../../../arm-none-eabi/lib/armv7e-m/libg_nano.a(lib_a-vsnprintf.o)
                              ./system/src/diag/Trace.o (vsnprintf)
/usr/local/gcc-arm-none-eabi-5_4-2016q3/bin/../lib/gcc/arm-none-eabi/5.4.1/../../../../arm-none-eabi/lib/armv7e-m/libg_nano.a(lib_a-nano-svfprintf.o)
                              /usr/local/gcc-arm-none-eabi-5_4-2016q3/bin/../lib/gcc/arm-none-eabi/5.4.1/../../../../arm-none-eabi/lib/armv7e-m/libg_nano.a(lib_a-vsnprintf.o) (_svfprintf_r)
/usr/local/gcc-arm-none-eabi-5_4-2016q3/bin/../lib/gcc/arm-none-eabi/5.4.1/../../../../arm-none-eabi/lib/armv7e-m/libg_nano.a(lib_a-nano-vfprintf_i.o)
                              /usr/local/gcc-arm-none-eabi-5_4-2016q3/bin/../lib/gcc/arm-none-eabi/5.4.1/../../../../arm-none-eabi/lib/armv7e-m/libg_nano.a(lib_a-nano-svfprintf.o) (_printf_i)
/usr/local/gcc-arm-none-eabi-5_4-2016q3/bin/../lib/gcc/arm-none-eabi/5.4.1/../../../../arm-none-eabi/lib/armv7e-m/libg_nano.a(lib_a-memchr.o)
                              /usr/local/gcc-arm-none-eabi-5_4-2016q3/bin/../lib/gcc/arm-none-eabi/5.4.1/../../../../arm-none-eabi/lib/armv7e-m/libg_nano.a(lib_a-nano-svfprintf.o) (memchr)
/usr/local/gcc-arm-none-eabi-5_4-2016q3/bin/../lib/gcc/arm-none-eabi/5.4.1/../../../../arm-none-eabi/lib/armv7e-m/libg_nano.a(lib_a-memcpy-stub.o)
                              /usr/local/gcc-arm-none-eabi-5_4-2016q3/bin/../lib/gcc/arm-none-eabi/5.4.1/../../../../arm-none-eabi/lib/armv7e-m/libg_nano.a(lib_a-nano-svfprintf.o) (memcpy)
/usr/local/gcc-arm-none-eabi-5_4-2016q3/bin/../lib/gcc/arm-none-eabi/5.4.1/../../../../arm-none-eabi/lib/armv7e-m/libg_nano.a(lib_a-memmove.o)
                              /usr/local/gcc-arm-none-eabi-5_4-2016q3/bin/../lib/gcc/arm-none-eabi/5.4.1/../../../../arm-none-eabi/lib/armv7e-m/libg_nano.a(lib_a-nano-svfprintf.o) (memmove)
/usr/local/gcc-arm-none-eabi-5_4-2016q3/bin/../lib/gcc/arm-none-eabi/5.4.1/../../../../arm-none-eabi/lib/armv7e-m/libg_nano.a(lib_a-nano-freer.o)
                              /usr/local/gcc-arm-none-eabi-5_4-2016q3/bin/../lib/gcc/arm-none-eabi/5.4.1/../../../../arm-none-eabi/lib/armv7e-m/libg_nano.a(lib_a-nano-svfprintf.o) (_free_r)
/usr/local/gcc-arm-none-eabi-5_4-2016q3/bin/../lib/gcc/arm-none-eabi/5.4.1/../../../../arm-none-eabi/lib/armv7e-m/libg_nano.a(lib_a-nano-mallocr.o)
                              /usr/local/gcc-arm-none-eabi-5_4-2016q3/bin/../lib/gcc/arm-none-eabi/5.4.1/../../../../arm-none-eabi/lib/armv7e-m/libg_nano.a(lib_a-nano-svfprintf.o) (_malloc_r)
/usr/local/gcc-arm-none-eabi-5_4-2016q3/bin/../lib/gcc/arm-none-eabi/5.4.1/../../../../arm-none-eabi/lib/armv7e-m/libg_nano.a(lib_a-nano-reallocr.o)
                              /usr/local/gcc-arm-none-eabi-5_4-2016q3/bin/../lib/gcc/arm-none-eabi/5.4.1/../../../../arm-none-eabi/lib/armv7e-m/libg_nano.a(lib_a-nano-svfprintf.o) (_realloc_r)
/usr/local/gcc-arm-none-eabi-5_4-2016q3/bin/../lib/gcc/arm-none-eabi/5.4.1/../../../../arm-none-eabi/lib/armv7e-m/libg_nano.a(lib_a-sbrkr.o)
                              /usr/local/gcc-arm-none-eabi-5_4-2016q3/bin/../lib/gcc/arm-none-eabi/5.4.1/../../../../arm-none-eabi/lib/armv7e-m/libg_nano.a(lib_a-nano-mallocr.o) (_sbrk_r)
/usr/local/gcc-arm-none-eabi-5_4-2016q3/bin/../lib/gcc/arm-none-eabi/5.4.1/../../../../arm-none-eabi/lib/armv7e-m/libg_nano.a(lib_a-mlock.o)
                              /usr/local/gcc-arm-none-eabi-5_4-2016q3/bin/../lib/gcc/arm-none-eabi/5.4.1/../../../../arm-none-eabi/lib/armv7e-m/libg_nano.a(lib_a-nano-freer.o) (__malloc_lock)
/usr/local/gcc-arm-none-eabi-5_4-2016q3/bin/../lib/gcc/arm-none-eabi/5.4.1/../../../../arm-none-eabi/lib/armv7e-m/libg_nano.a(lib_a-nano-msizer.o)
[...]
Memory Configuration

Name             Origin             Length             Attributes
RAM              0x0000000020000000 0x0000000000030000 xrw
CCMRAM           0x0000000010000000 0x0000000000010000 xrw
FLASH            0x0000000008000000 0x0000000000100000 xr
FLASHB1          0x0000000000000000 0x0000000000000000 xr
EXTMEMB0         0x0000000000000000 0x0000000000000000 xr
EXTMEMB1         0x0000000000000000 0x0000000000000000 xr
EXTMEMB2         0x0000000000000000 0x0000000000000000 xr
EXTMEMB3         0x0000000000000000 0x0000000000000000 xr
MEMORY_ARRAY     0x0000000020002000 0x0000000000000020 xrw
*default*        0x0000000000000000 0xffffffffffffffff

Linker script and memory map

LOAD ./system/src/stm32f4-hal/stm32f4xx_hal.o
LOAD ./system/src/stm32f4-hal/stm32f4xx_hal_cortex.o
LOAD ./system/src/stm32f4-hal/stm32f4xx_hal_dfsdm.o
LOAD ./system/src/stm32f4-hal/stm32f4xx_hal_flash.o
LOAD ./system/src/stm32f4-hal/stm32f4xx_hal_gpio.o
LOAD ./system/src/stm32f4-hal/stm32f4xx_hal_iwdg.o
LOAD ./system/src/stm32f4-hal/stm32f4xx_hal_pwr.o
LOAD ./system/src/stm32f4-hal/stm32f4xx_hal_rcc.o
LOAD ./system/src/newlib/_cxx.o
LOAD ./system/src/newlib/_exit.o
LOAD ./system/src/newlib/_sbrk.o
LOAD ./system/src/newlib/_startup.o
LOAD ./system/src/newlib/_syscalls.o
LOAD ./system/src/newlib/assert.o
LOAD ./system/src/diag/Trace.o
LOAD ./system/src/diag/trace_impl.o
LOAD ./system/src/cortexm/_initialize_hardware.o
LOAD ./system/src/cortexm/_reset_hardware.o
LOAD ./system/src/cortexm/exception_handlers.o
LOAD ./system/src/cmsis/system_stm32f4xx.o
LOAD ./system/src/cmsis/vectors_stm32f429xx.o
LOAD ./src/BlinkLed.o
LOAD ./src/Timer.o
LOAD ./src/_initialize_hardware.o
LOAD ./src/_write.o
LOAD ./src/main.o
LOAD ./src/stm32f4xx_hal_msp.o
LOAD /usr/local/gcc-arm-none-eabi-5_4-2016q3/bin/../lib/gcc/arm-none-eabi/5.4.1/../../../../arm-none-eabi/lib/armv7e-m/libstdc++_nano.a
LOAD /usr/local/gcc-arm-none-eabi-5_4-2016q3/bin/../lib/gcc/arm-none-eabi/5.4.1/../../../../arm-none-eabi/lib/armv7e-m/libm.a
START GROUP
LOAD /usr/local/gcc-arm-none-eabi-5_4-2016q3/bin/../lib/gcc/arm-none-eabi/5.4.1/armv7e-m/libgcc.a
LOAD /usr/local/gcc-arm-none-eabi-5_4-2016q3/bin/../lib/gcc/arm-none-eabi/5.4.1/../../../../arm-none-eabi/lib/armv7e-m/libg_nano.a
LOAD /usr/local/gcc-arm-none-eabi-5_4-2016q3/bin/../lib/gcc/arm-none-eabi/5.4.1/../../../../arm-none-eabi/lib/armv7e-m/libc_nano.a
END GROUP
START GROUP
LOAD /usr/local/gcc-arm-none-eabi-5_4-2016q3/bin/../lib/gcc/arm-none-eabi/5.4.1/armv7e-m/libgcc.a
LOAD /usr/local/gcc-arm-none-eabi-5_4-2016q3/bin/../lib/gcc/arm-none-eabi/5.4.1/../../../../arm-none-eabi/lib/armv7e-m/libc_nano.a
END GROUP
                0x0000000020030000                __stack = (ORIGIN (RAM) + LENGTH (RAM))
                0x0000000020030000                _estack = __stack
                0x0000000000000400                __Main_Stack_Size = 0x400
                [!provide]                        PROVIDE (_Main_Stack_Size, __Main_Stack_Size)
                0x000000002002fc00                __Main_Stack_Limit = (__stack - __Main_Stack_Size)
                [!provide]                        PROVIDE (_Main_Stack_Limit, __Main_Stack_Limit)
                0x0000000000000100                _Minimum_Stack_Size = 0x100
                0x000000002000013c                PROVIDE (_Heap_Begin, _end_noinit)
                0x000000002002fc00                PROVIDE (_Heap_Limit, (__stack - __Main_Stack_Size))

.isr_vector     0x0000000008000000      0x410
 FILL mask 0xff
                0x0000000008000000                __vectors_start = ABSOLUTE (.)
                0x0000000008000000                __vectors_start__ = ABSOLUTE (.)
 *(.isr_vector)
 .isr_vector    0x0000000008000000      0x1ac ./system/src/cmsis/vectors_stm32f429xx.o
                0x0000000008000000                __isr_vectors
 *(.cfmconfig)
 *(.after_vectors .after_vectors.*)
 .after_vectors
                0x00000000080001ac      0x130 ./system/src/newlib/_startup.o
                0x00000000080001ac                _start
 .after_vectors
                0x00000000080002dc      0x130 ./system/src/cortexm/exception_handlers.o
                0x00000000080002dc                Reset_Handler
                0x00000000080002e4                NMI_Handler
                0x00000000080002e8                HardFault_Handler
                0x00000000080002fc                HardFault_Handler_C
                0x000000000800035c                MemManage_Handler
                0x0000000008000360                BusFault_Handler
                0x0000000008000374                BusFault_Handler_C
                0x00000000080003a8                UsageFault_Handler
                0x00000000080003bc                UsageFault_Handler_C
                0x00000000080003f0                SVC_Handler
                0x00000000080003f4                DebugMon_Handler
                0x00000000080003f8                PendSV_Handler
 .after_vectors
                0x000000000800040c        0x4 ./system/src/cmsis/vectors_stm32f429xx.o
                0x000000000800040c                DMA1_Stream3_IRQHandler
                0x000000000800040c                HASH_RNG_IRQHandler
                0x000000000800040c                EXTI2_IRQHandler
                0x000000000800040c                TIM8_CC_IRQHandler
                0x000000000800040c                UART8_IRQHandler
                0x000000000800040c                SPI4_IRQHandler
                0x000000000800040c                TIM1_CC_IRQHandler
                0x000000000800040c                DMA2_Stream5_IRQHandler
                0x000000000800040c                DMA1_Stream5_IRQHandler
                0x000000000800040c                PVD_IRQHandler
                0x000000000800040c                SDIO_IRQHandler
                0x000000000800040c                TAMP_STAMP_IRQHandler
                0x000000000800040c                CAN2_RX1_IRQHandler
                0x000000000800040c                EXTI3_IRQHandler
                0x000000000800040c                TIM8_TRG_COM_TIM14_IRQHandler
                0x000000000800040c                TIM1_UP_TIM10_IRQHandler
                0x000000000800040c                TIM8_UP_TIM13_IRQHandler
                0x000000000800040c                I2C3_ER_IRQHandler
                0x000000000800040c                EXTI0_IRQHandler
                0x000000000800040c                I2C2_EV_IRQHandler
                0x000000000800040c                DMA1_Stream2_IRQHandler
                0x000000000800040c                CAN1_RX0_IRQHandler
                0x000000000800040c                FPU_IRQHandler
                0x000000000800040c                OTG_HS_WKUP_IRQHandler
                0x000000000800040c                LTDC_ER_IRQHandler
                0x000000000800040c                CAN2_SCE_IRQHandler
                0x000000000800040c                DMA2_Stream2_IRQHandler
                0x000000000800040c                SPI1_IRQHandler
                0x000000000800040c                TIM6_DAC_IRQHandler
                0x000000000800040c                TIM1_BRK_TIM9_IRQHandler
                0x000000000800040c                DCMI_IRQHandler
                0x000000000800040c                CAN2_RX0_IRQHandler
                0x000000000800040c                DMA2_Stream3_IRQHandler
                0x000000000800040c                USART6_IRQHandler
                0x000000000800040c                USART3_IRQHandler
                0x000000000800040c                CAN1_RX1_IRQHandler
                0x000000000800040c                UART5_IRQHandler
                0x000000000800040c                DMA2_Stream0_IRQHandler
                0x000000000800040c                TIM4_IRQHandler
                0x000000000800040c                I2C1_EV_IRQHandler
                0x000000000800040c                DMA1_Stream6_IRQHandler
                0x000000000800040c                DMA1_Stream1_IRQHandler
                0x000000000800040c                UART4_IRQHandler
                0x000000000800040c                TIM3_IRQHandler
                0x000000000800040c                RCC_IRQHandler
                0x000000000800040c                TIM8_BRK_TIM12_IRQHandler
                0x000000000800040c                Default_Handler
                0x000000000800040c                EXTI15_10_IRQHandler
                0x000000000800040c                ADC_IRQHandler
                0x000000000800040c                DMA1_Stream7_IRQHandler
                0x000000000800040c                SPI5_IRQHandler
                0x000000000800040c                TIM7_IRQHandler
                0x000000000800040c                CAN2_TX_IRQHandler
                0x000000000800040c                TIM5_IRQHandler
                0x000000000800040c                DMA2_Stream7_IRQHandler
                0x000000000800040c                I2C3_EV_IRQHandler
                0x000000000800040c                EXTI9_5_IRQHandler
                0x000000000800040c                RTC_WKUP_IRQHandler
                0x000000000800040c                LTDC_IRQHandler
                0x000000000800040c                ETH_WKUP_IRQHandler
                0x000000000800040c                SPI2_IRQHandler
                0x000000000800040c                OTG_HS_EP1_IN_IRQHandler
                0x000000000800040c                DMA1_Stream0_IRQHandler
                0x000000000800040c                CAN1_TX_IRQHandler
                0x000000000800040c                EXTI4_IRQHandler
                0x000000000800040c                ETH_IRQHandler
                0x000000000800040c                OTG_HS_EP1_OUT_IRQHandler
                0x000000000800040c                WWDG_IRQHandler
                0x000000000800040c                SPI6_IRQHandler
                0x000000000800040c                TIM2_IRQHandler
                0x000000000800040c                OTG_FS_WKUP_IRQHandler
                0x000000000800040c                TIM1_TRG_COM_TIM11_IRQHandler
                0x000000000800040c                OTG_HS_IRQHandler
                0x000000000800040c                DMA2D_IRQHandler
                0x000000000800040c                EXTI1_IRQHandler
                0x000000000800040c                UART7_IRQHandler
                0x000000000800040c                USART2_IRQHandler
                0x000000000800040c                I2C2_ER_IRQHandler
                0x000000000800040c                DMA2_Stream1_IRQHandler
                0x000000000800040c                CAN1_SCE_IRQHandler
                0x000000000800040c                FLASH_IRQHandler
                0x000000000800040c                DMA2_Stream4_IRQHandler
                0x000000000800040c                USART1_IRQHandler
                0x000000000800040c                OTG_FS_IRQHandler
                0x000000000800040c                SPI3_IRQHandler
                0x000000000800040c                DMA1_Stream4_IRQHandler
                0x000000000800040c                I2C1_ER_IRQHandler
                0x000000000800040c                FMC_IRQHandler
                0x000000000800040c                DMA2_Stream6_IRQHandler
                0x000000000800040c                SAI1_IRQHandler
                0x000000000800040c                RTC_Alarm_IRQHandler

.inits          0x0000000008000410       0x2c
                0x0000000008000410                __data_regions_array_start = .
                0x0000000008000410        0x4 LONG 0x800261c LOADADDR (.data)
                0x0000000008000414        0x4 LONG 0x20000000 ADDR (.data)
                0x0000000008000418        0x4 LONG 0x20000078 (ADDR (.data) + SIZEOF (.data))
                0x000000000800041c        0x4 LONG 0x800261c LOADADDR (.data_CCMRAM)
                0x0000000008000420        0x4 LONG 0x10000000 ADDR (.data_CCMRAM)
                0x0000000008000424        0x4 LONG 0x10000000 (ADDR (.data_CCMRAM) + SIZEOF (.data_CCMRAM))
                0x0000000008000428                __data_regions_array_end = .
                0x0000000008000428                __bss_regions_array_start = .
                0x0000000008000428        0x4 LONG 0x20000078 ADDR (.bss)
                0x000000000800042c        0x4 LONG 0x2000013c (ADDR (.bss) + SIZEOF (.bss))
                0x0000000008000430        0x4 LONG 0x10000000 ADDR (.bss_CCMRAM)
                0x0000000008000434        0x4 LONG 0x10000000 (ADDR (.bss_CCMRAM) + SIZEOF (.bss_CCMRAM))
                0x0000000008000438                __bss_regions_array_end = .
 *(.init)
 *(.fini)
                0x0000000008000438                . = ALIGN (0x4)
                0x0000000008000438                PROVIDE (__preinit_array_start, .)
 *(.preinit_array_sysinit .preinit_array_sysinit.*)
 *(.preinit_array_platform .preinit_array_platform.*)
 *(.preinit_array .preinit_array.*)
                0x0000000008000438                PROVIDE (__preinit_array_end, .)
                0x0000000008000438                . = ALIGN (0x4)
                0x0000000008000438                PROVIDE (__init_array_start, .)
 *(SORT(.init_array.*))
 *(.init_array)
 .init_array    0x0000000008000438        0x4 ./src/main.o
                0x000000000800043c                PROVIDE (__init_array_end, .)
                0x000000000800043c                . = ALIGN (0x4)
                0x000000000800043c                PROVIDE (__fini_array_start, .)
 *(SORT(.fini_array.*))
 *(.fini_array)
                0x000000000800043c                PROVIDE (__fini_array_end, .)

.flashtext
 *(.flashtext .flashtext.*)

.text           0x0000000008000440     0x21db
 *(.text .text.*)
 .text.HAL_InitTick
                0x0000000008000440       0x2c ./system/src/stm32f4-hal/stm32f4xx_hal.o
                0x0000000008000440                HAL_InitTick
 .text.HAL_Init
                0x000000000800046c       0x34 ./system/src/stm32f4-hal/stm32f4xx_hal.o
                0x000000000800046c                HAL_Init
 .text.HAL_IncTick
                0x00000000080004a0       0x10 ./system/src/stm32f4-hal/stm32f4xx_hal.o
                0x00000000080004a0                HAL_IncTick
 .text.HAL_GetTick
                0x00000000080004b0        0xc ./system/src/stm32f4-hal/stm32f4xx_hal.o
                0x00000000080004b0                HAL_GetTick
 .text.HAL_NVIC_SetPriorityGrouping
                0x00000000080004bc       0x3c ./system/src/stm32f4-hal/stm32f4xx_hal_cortex.o
                0x00000000080004bc                HAL_NVIC_SetPriorityGrouping
 .text.HAL_NVIC_SetPriority
                0x00000000080004f8       0x84 ./system/src/stm32f4-hal/stm32f4xx_hal_cortex.o
                0x00000000080004f8                HAL_NVIC_SetPriority
 .text.HAL_SYSTICK_Config
                0x000000000800057c       0x2c ./system/src/stm32f4-hal/stm32f4xx_hal_cortex.o
                0x000000000800057c                HAL_SYSTICK_Config
 .text.HAL_SYSTICK_CLKSourceConfig
                0x00000000080005a8       0x38 ./system/src/stm32f4-hal/stm32f4xx_hal_cortex.o
                0x00000000080005a8                HAL_SYSTICK_CLKSourceConfig
 .text.HAL_GPIO_Init
                0x00000000080005e0      0x368 ./system/src/stm32f4-hal/stm32f4xx_hal_gpio.o
                0x00000000080005e0                HAL_GPIO_Init
 .text.HAL_RCC_OscConfig
                0x0000000008000948      0x448 ./system/src/stm32f4-hal/stm32f4xx_hal_rcc.o
                0x0000000008000948                HAL_RCC_OscConfig
 .text.HAL_RCC_GetSysClockFreq
                0x0000000008000d90       0xa0 ./system/src/stm32f4-hal/stm32f4xx_hal_rcc.o
                0x0000000008000d90                HAL_RCC_GetSysClockFreq
 .text.HAL_RCC_ClockConfig
                0x0000000008000e30      0x264 ./system/src/stm32f4-hal/stm32f4xx_hal_rcc.o
                0x0000000008000e30                HAL_RCC_ClockConfig
 .text.HAL_RCC_GetHCLKFreq
                0x0000000008001094        0xc ./system/src/stm32f4-hal/stm32f4xx_hal_rcc.o
                0x0000000008001094                HAL_RCC_GetHCLKFreq
 .text._exit    0x00000000080010a0        0x4 ./system/src/newlib/_exit.o
                0x00000000080010a0                _exit
 .text.abort    0x00000000080010a4       0x14 ./system/src/newlib/_exit.o
                0x00000000080010a4                abort
 .text._sbrk    0x00000000080010b8       0x44 ./system/src/newlib/_sbrk.o
                0x00000000080010b8                _sbrk
 .text.__initialize_args
                0x00000000080010fc       0x10 ./system/src/newlib/_syscalls.o
                0x00000000080010fc                __initialize_args
 .text.assert_failed
                0x000000000800110c       0x14 ./system/src/newlib/assert.o
                0x000000000800110c                assert_failed
 .text.trace_printf
                0x0000000008001120       0x30 ./system/src/diag/Trace.o
                0x0000000008001120                trace_printf
 .text.trace_puts
                0x0000000008001150       0x20 ./system/src/diag/Trace.o
                0x0000000008001150                trace_puts
 .text._trace_write_semihosting_debug
                0x0000000008001170       0x64 ./system/src/diag/trace_impl.o
 .text.trace_write
                0x00000000080011d4        0x8 ./system/src/diag/trace_impl.o
                0x00000000080011d4                trace_write
 .text.__initialize_hardware_early
                0x00000000080011dc       0x18 ./system/src/cortexm/_initialize_hardware.o
                0x00000000080011dc                __initialize_hardware_early
 .text.dumpExceptionStack
                0x00000000080011f4       0xf0 ./system/src/cortexm/exception_handlers.o
                0x00000000080011f4                dumpExceptionStack
 .text.isSemihosting
                0x00000000080012e4       0x20 ./system/src/cortexm/exception_handlers.o
                0x00000000080012e4                isSemihosting
 .text.SystemInit
                0x0000000008001304       0x40 ./system/src/cmsis/system_stm32f4xx.o
                0x0000000008001304                SystemInit
 .text.SystemCoreClockUpdate
                0x0000000008001344       0xa0 ./system/src/cmsis/system_stm32f4xx.o
                0x0000000008001344                SystemCoreClockUpdate
 .text._ZN8BlinkLedC2Ejjb
                0x00000000080013e4       0x14 ./src/BlinkLed.o
                0x00000000080013e4                BlinkLed::BlinkLed(unsigned int, unsigned int, bool)
                0x00000000080013e4                BlinkLed::BlinkLed(unsigned int, unsigned int, bool)
 .text._ZN8BlinkLed6turnOnEv
                0x00000000080013f8       0x2c ./src/BlinkLed.o
                0x00000000080013f8                BlinkLed::turnOn()
 .text._ZN8BlinkLed7turnOffEv
                0x0000000008001424       0x2c ./src/BlinkLed.o
                0x0000000008001424                BlinkLed::turnOff()
 .text._ZN8BlinkLed7powerUpEv
                0x0000000008001450       0x40 ./src/BlinkLed.o
                0x0000000008001450                BlinkLed::powerUp()
 .text._ZN8BlinkLed6toggleEv
                0x0000000008001490       0x24 ./src/BlinkLed.o
                0x0000000008001490                BlinkLed::toggle()
 .text._ZN5Timer5sleepEm
                0x00000000080014b4       0x14 ./src/Timer.o
                0x00000000080014b4                Timer::sleep(unsigned long)
 .text.SysTick_Handler
                0x00000000080014c8       0x1c ./src/Timer.o
                0x00000000080014c8                SysTick_Handler
 .text.SystemClock_Config
                0x00000000080014e4       0x9c ./src/_initialize_hardware.o
                0x00000000080014e4                SystemClock_Config
 .text.__initialize_hardware
                0x0000000008001580       0x10 ./src/_initialize_hardware.o
                0x0000000008001580                __initialize_hardware
 .text._Z41__static_initialization_and_destruction_0ii
                0x0000000008001590       0x34 ./src/main.o
 .text._Z12custom_blinkiif5Timer
                0x00000000080015c4       0x38 ./src/main.o
                0x00000000080015c4                custom_blink(int, int, float, Timer)
 .text.main     0x00000000080015fc       0xe0 ./src/main.o
                0x00000000080015fc                main
 .text._GLOBAL__sub_I_blinkLeds
                0x00000000080016dc       0x10 ./src/main.o
 .text.HAL_MspInit
                0x00000000080016ec        0x4 ./src/stm32f4xx_hal_msp.o
                0x00000000080016ec                HAL_MspInit
 .text          0x00000000080016f0      0x2a0 /usr/local/gcc-arm-none-eabi-5_4-2016q3/bin/../lib/gcc/arm-none-eabi/5.4.1/armv7e-m/libgcc.a(_arm_muldivsf3.o)
                0x00000000080016f0                __mulsf3
                0x00000000080016f0                __aeabi_fmul
                0x0000000008001858                __divsf3
                0x0000000008001858                __aeabi_fdiv
 .text          0x0000000008001990       0x40 /usr/local/gcc-arm-none-eabi-5_4-2016q3/bin/../lib/gcc/arm-none-eabi/5.4.1/armv7e-m/libgcc.a(_arm_fixunssfsi.o)
                0x0000000008001990                __aeabi_f2uiz
                0x0000000008001990                __fixunssfsi
 .text.__errno  0x00000000080019d0        0xc /usr/local/gcc-arm-none-eabi-5_4-2016q3/bin/../lib/gcc/arm-none-eabi/5.4.1/../../../../arm-none-eabi/lib/armv7e-m/libg_nano.a(lib_a-errno.o)
                0x00000000080019d0                __errno
 .text          0x00000000080019dc       0x10 /usr/local/gcc-arm-none-eabi-5_4-2016q3/bin/../lib/gcc/arm-none-eabi/5.4.1/../../../../arm-none-eabi/lib/armv7e-m/libg_nano.a(lib_a-strlen.o)
                0x00000000080019dc                strlen
 .text._vsnprintf_r
                0x00000000080019ec       0x56 /usr/local/gcc-arm-none-eabi-5_4-2016q3/bin/../lib/gcc/arm-none-eabi/5.4.1/../../../../arm-none-eabi/lib/armv7e-m/libg_nano.a(lib_a-vsnprintf.o)
                0x00000000080019ec                _vsnprintf_r
                0x00000000080019ec                _vsniprintf_r
 *fill*         0x0000000008001a42        0x2 
 .text.vsnprintf
                0x0000000008001a44       0x1c /usr/local/gcc-arm-none-eabi-5_4-2016q3/bin/../lib/gcc/arm-none-eabi/5.4.1/../../../../arm-none-eabi/lib/armv7e-m/libg_nano.a(lib_a-vsnprintf.o)
                0x0000000008001a44                vsnprintf
                0x0000000008001a44                vsniprintf
 .text.__ssputs_r
                0x0000000008001a60       0xb2 /usr/local/gcc-arm-none-eabi-5_4-2016q3/bin/../lib/gcc/arm-none-eabi/5.4.1/../../../../arm-none-eabi/lib/armv7e-m/libg_nano.a(lib_a-nano-svfprintf.o)
                0x0000000008001a60                __ssputs_r
 *fill*         0x0000000008001b12        0x2 
 .text._svfprintf_r
                0x0000000008001b14      0x1e8 /usr/local/gcc-arm-none-eabi-5_4-2016q3/bin/../lib/gcc/arm-none-eabi/5.4.1/../../../../arm-none-eabi/lib/armv7e-m/libg_nano.a(lib_a-nano-svfprintf.o)
                0x0000000008001b14                _svfprintf_r
                0x0000000008001b14                _svfiprintf_r
 .text._printf_common
                0x0000000008001cfc       0xec /usr/local/gcc-arm-none-eabi-5_4-2016q3/bin/../lib/gcc/arm-none-eabi/5.4.1/../../../../arm-none-eabi/lib/armv7e-m/libg_nano.a(lib_a-nano-vfprintf_i.o)
                0x0000000008001cfc                _printf_common
 .text._printf_i
                0x0000000008001de8      0x24c /usr/local/gcc-arm-none-eabi-5_4-2016q3/bin/../lib/gcc/arm-none-eabi/5.4.1/../../../../arm-none-eabi/lib/armv7e-m/libg_nano.a(lib_a-nano-vfprintf_i.o)
                0x0000000008001de8                _printf_i
 *fill*         0x0000000008002034        0xc 
 .text          0x0000000008002040       0xa0 /usr/local/gcc-arm-none-eabi-5_4-2016q3/bin/../lib/gcc/arm-none-eabi/5.4.1/../../../../arm-none-eabi/lib/armv7e-m/libg_nano.a(lib_a-memchr.o)
                0x0000000008002040                memchr
 .text.memcpy   0x00000000080020e0       0x16 /usr/local/gcc-arm-none-eabi-5_4-2016q3/bin/../lib/gcc/arm-none-eabi/5.4.1/../../../../arm-none-eabi/lib/armv7e-m/libg_nano.a(lib_a-memcpy-stub.o)
                0x00000000080020e0                memcpy
 .text.memmove  0x00000000080020f6       0x36 /usr/local/gcc-arm-none-eabi-5_4-2016q3/bin/../lib/gcc/arm-none-eabi/5.4.1/../../../../arm-none-eabi/lib/armv7e-m/libg_nano.a(lib_a-memmove.o)
                0x00000000080020f6                memmove
 .text._free_r  0x000000000800212c       0x9c /usr/local/gcc-arm-none-eabi-5_4-2016q3/bin/../lib/gcc/arm-none-eabi/5.4.1/../../../../arm-none-eabi/lib/armv7e-m/libg_nano.a(lib_a-nano-freer.o)
                0x000000000800212c                _free_r
 .text._malloc_r
                0x00000000080021c8       0xbc /usr/local/gcc-arm-none-eabi-5_4-2016q3/bin/../lib/gcc/arm-none-eabi/5.4.1/../../../../arm-none-eabi/lib/armv7e-m/libg_nano.a(lib_a-nano-mallocr.o)
                0x00000000080021c8                _malloc_r
 .text._realloc_r
                0x0000000008002284       0x4c /usr/local/gcc-arm-none-eabi-5_4-2016q3/bin/../lib/gcc/arm-none-eabi/5.4.1/../../../../arm-none-eabi/lib/armv7e-m/libg_nano.a(lib_a-nano-reallocr.o)
                0x0000000008002284                _realloc_r
 .text._sbrk_r  0x00000000080022d0       0x20 /usr/local/gcc-arm-none-eabi-5_4-2016q3/bin/../lib/gcc/arm-none-eabi/5.4.1/../../../../arm-none-eabi/lib/armv7e-m/libg_nano.a(lib_a-sbrkr.o)
                0x00000000080022d0                _sbrk_r
 .text.__malloc_lock
                0x00000000080022f0        0x2 /usr/local/gcc-arm-none-eabi-5_4-2016q3/bin/../lib/gcc/arm-none-eabi/5.4.1/../../../../arm-none-eabi/lib/armv7e-m/libg_nano.a(lib_a-mlock.o)
                0x00000000080022f0                __malloc_lock
 .text.__malloc_unlock
                0x00000000080022f2        0x2 /usr/local/gcc-arm-none-eabi-5_4-2016q3/bin/../lib/gcc/arm-none-eabi/5.4.1/../../../../arm-none-eabi/lib/armv7e-m/libg_nano.a(lib_a-mlock.o)
                0x00000000080022f2                __malloc_unlock
 .text._malloc_usable_size_r
                0x00000000080022f4       0x14 /usr/local/gcc-arm-none-eabi-5_4-2016q3/bin/../lib/gcc/arm-none-eabi/5.4.1/../../../../arm-none-eabi/lib/armv7e-m/libg_nano.a(lib_a-nano-msizer.o)
                0x00000000080022f4                _malloc_usable_size_r
 *(.rodata .rodata.* .constdata .constdata.*)
 .rodata.str1.4
                0x0000000008002308       0x31 ./system/src/stm32f4-hal/stm32f4xx_hal_cortex.o
 *fill*         0x0000000008002339        0x3 
 .rodata.str1.4
                0x000000000800233c       0x2f ./system/src/stm32f4-hal/stm32f4xx_hal_gpio.o
 *fill*         0x000000000800236b        0x1 
 .rodata.APBAHBPrescTable
                0x000000000800236c       0x10 ./system/src/stm32f4-hal/stm32f4xx_hal_rcc.o
                0x000000000800236c                APBAHBPrescTable
 .rodata.str1.4
                0x000000000800237c       0x2e ./system/src/stm32f4-hal/stm32f4xx_hal_rcc.o
 *fill*         0x00000000080023aa        0x2 
 .rodata.str1.4
                0x00000000080023ac       0x14 ./system/src/newlib/_exit.o
 .rodata.str1.4
                0x00000000080023c0       0x6b ./system/src/newlib/assert.o
                                         0x6f (size before relaxing)
 *fill*         0x000000000800242b        0x1 
 .rodata.str1.4
                0x000000000800242c       0x29 ./system/src/diag/Trace.o
                                         0x2d (size before relaxing)
 *fill*         0x0000000008002455        0x3 
 .rodata.str1.4
                0x0000000008002458      0x146 ./system/src/cortexm/exception_handlers.o
 *fill*         0x000000000800259e        0x2 
 .rodata.AHBPrescTable
                0x00000000080025a0       0x10 ./system/src/cmsis/system_stm32f4xx.o
                0x00000000080025a0                AHBPrescTable
 .rodata.str1.4
                0x00000000080025b0       0x38 ./src/main.o
                                         0x37 (size before relaxing)
 .rodata.str1.1
                0x00000000080025e8       0x11 /usr/local/gcc-arm-none-eabi-5_4-2016q3/bin/../lib/gcc/arm-none-eabi/5.4.1/../../../../arm-none-eabi/lib/armv7e-m/libg_nano.a(lib_a-nano-svfprintf.o)
 .rodata.str1.1
                0x00000000080025f9       0x22 /usr/local/gcc-arm-none-eabi-5_4-2016q3/bin/../lib/gcc/arm-none-eabi/5.4.1/../../../../arm-none-eabi/lib/armv7e-m/libg_nano.a(lib_a-nano-vfprintf_i.o)
 *(vtable)
 *(.eh_frame*)
 *(.glue_7)
 .glue_7        0x000000000800261b        0x0 linker stubs
 *(.glue_7t)
 .glue_7t       0x000000000800261b        0x0 linker stubs

.vfp11_veneer   0x000000000800261c        0x0
 .vfp11_veneer  0x000000000800261c        0x0 linker stubs

.v4_bx          0x000000000800261c        0x0
 .v4_bx         0x000000000800261c        0x0 linker stubs

.iplt           0x000000000800261c        0x0
 .iplt          0x000000000800261c        0x0 ./system/src/stm32f4-hal/stm32f4xx_hal.o

.rel.dyn        0x000000000800261c        0x0
 .rel.iplt      0x000000000800261c        0x0 ./system/src/stm32f4-hal/stm32f4xx_hal.o

.ARM.extab
 *(.ARM.extab* .gnu.linkonce.armextab.*)
                0x000000000800261c                . = ALIGN (0x4)
                0x000000000800261c                __exidx_start = .

.ARM.exidx
 *(.ARM.exidx* .gnu.linkonce.armexidx.*)
                0x000000000800261c                __exidx_end = .
                0x000000000800261c                . = ALIGN (0x4)
                0x000000000800261c                _etext = .
                0x000000000800261c                __etext = .

.data_CCMRAM    0x0000000010000000        0x0 load address 0x000000000800261c
 FILL mask 0xff
 *(.data.CCMRAM .data.CCMRAM.*)
                0x0000000010000000                . = ALIGN (0x4)
                0x000000000800261c                _sidata = LOADADDR (.data)

.data           0x0000000020000000       0x78 load address 0x000000000800261c
 FILL mask 0xff
                0x0000000020000000                _sdata = .
                0x0000000020000000                __data_start__ = .
 *(.data_begin .data_begin.*)
 .data_begin    0x0000000020000000        0x4 ./system/src/newlib/_startup.o
 *(.data .data.*)
 .data.argv.4290
                0x0000000020000004        0x8 ./system/src/newlib/_syscalls.o
 .data.SystemCoreClock
                0x000000002000000c        0x4 ./system/src/cmsis/system_stm32f4xx.o
                0x000000002000000c                SystemCoreClock
 .data.impure_data
                0x0000000020000010       0x60 /usr/local/gcc-arm-none-eabi-5_4-2016q3/bin/../lib/gcc/arm-none-eabi/5.4.1/../../../../arm-none-eabi/lib/armv7e-m/libg_nano.a(lib_a-impure.o)
 .data._impure_ptr
                0x0000000020000070        0x4 /usr/local/gcc-arm-none-eabi-5_4-2016q3/bin/../lib/gcc/arm-none-eabi/5.4.1/../../../../arm-none-eabi/lib/armv7e-m/libg_nano.a(lib_a-impure.o)
                0x0000000020000070                _impure_ptr
 *(.data_end .data_end.*)
 .data_end      0x0000000020000074        0x4 ./system/src/newlib/_startup.o
                0x0000000020000078                . = ALIGN (0x4)
                0x0000000020000078                _edata = .
                0x0000000020000078                __data_end__ = .

.igot.plt       0x0000000020000078        0x0 load address 0x0000000008002694
 .igot.plt      0x0000000020000078        0x0 ./system/src/stm32f4-hal/stm32f4xx_hal.o

.bss_CCMRAM     0x0000000010000000        0x0
 *(.bss.CCMRAM .bss.CCMRAM.*)

.bss            0x0000000020000078       0xc4
                0x0000000020000078                __bss_start__ = .
                0x0000000020000078                _sbss = .
 *(.bss_begin .bss_begin.*)
 .bss_begin     0x0000000020000078        0x4 ./system/src/newlib/_startup.o
 *(.bss .bss.*)
 .bss.current_heap_end.3974
                0x000000002000007c        0x4 ./system/src/newlib/_sbrk.o
 .bss.name.4289
                0x0000000020000080        0x1 ./system/src/newlib/_syscalls.o
 *fill*         0x0000000020000081        0x3 
 .bss.buf.5179  0x0000000020000084       0x80 ./system/src/diag/Trace.o
 .bss._ZN5Timer13ms_delayCountE
                0x0000000020000104        0x4 ./src/Timer.o
                0x0000000020000104                Timer::ms_delayCount
 .bss.blinkLeds
                0x0000000020000108       0x20 ./src/main.o
                0x0000000020000108                blinkLeds
 .bss.__malloc_sbrk_start
                0x0000000020000128        0x4 /usr/local/gcc-arm-none-eabi-5_4-2016q3/bin/../lib/gcc/arm-none-eabi/5.4.1/../../../../arm-none-eabi/lib/armv7e-m/libg_nano.a(lib_a-nano-mallocr.o)
                0x0000000020000128                __malloc_sbrk_start
 .bss.__malloc_free_list
                0x000000002000012c        0x4 /usr/local/gcc-arm-none-eabi-5_4-2016q3/bin/../lib/gcc/arm-none-eabi/5.4.1/../../../../arm-none-eabi/lib/armv7e-m/libg_nano.a(lib_a-nano-mallocr.o)
                0x000000002000012c                __malloc_free_list
 *(COMMON)
 COMMON         0x0000000020000130        0x4 ./system/src/stm32f4-hal/stm32f4xx_hal.o
                0x0000000020000130                uwTick
 COMMON         0x0000000020000134        0x4 ./system/src/newlib/_syscalls.o
                0x0000000020000134                errno
 *(.bss_end .bss_end.*)
 .bss_end       0x0000000020000138        0x4 ./system/src/newlib/_startup.o
                0x000000002000013c                . = ALIGN (0x4)
                0x000000002000013c                __bss_end__ = .
                0x000000002000013c                _ebss = .

.noinit_CCMRAM
 *(.noinit.CCMRAM .noinit.CCMRAM.*)

.noinit         0x000000002000013c        0x0
                0x000000002000013c                _noinit = .
 *(.noinit .noinit.*)
                0x000000002000013c                . = ALIGN (0x4)
                0x000000002000013c                _end_noinit = .
                [!provide]                        PROVIDE (end, _end_noinit)
                [!provide]                        PROVIDE (_end, _end_noinit)
                [!provide]                        PROVIDE (__end, _end_noinit)
                [!provide]                        PROVIDE (__end__, _end_noinit)

._check_stack   0x000000002000013c      0x100
                0x000000002000023c                . = (. + _Minimum_Stack_Size)
 *fill*         0x000000002000013c      0x100 

.b1text
 *(.b1text)
 *(.b1rodata)
 *(.b1rodata.*)

.eb0text
 *(.eb0text)
 *(.eb0rodata)
 *(.eb0rodata.*)

.eb1text
 *(.eb1text)
 *(.eb1rodata)
 *(.eb1rodata.*)

.eb2text
 *(.eb2text)
 *(.eb2rodata)
 *(.eb2rodata.*)

.eb3text
 *(.eb3text)
 *(.eb3rodata)
 *(.eb3rodata.*)

.stab
 *(.stab)

.stabstr
 *(.stabstr)

.stab.excl
 *(.stab.excl)

.stab.exclstr
 *(.stab.exclstr)

.stab.index
 *(.stab.index)

.stab.indexstr
 *(.stab.indexstr)

.comment        0x0000000000000000       0x6e
 *(.comment)
 .comment       0x0000000000000000       0x6e ./system/src/stm32f4-hal/stm32f4xx_hal.o
                                         0x6f (size before relaxing)
 .comment       0x000000000000006e       0x6f ./system/src/stm32f4-hal/stm32f4xx_hal_cortex.o
 .comment       0x000000000000006e       0x6f ./system/src/stm32f4-hal/stm32f4xx_hal_gpio.o
 .comment       0x000000000000006e       0x6f ./system/src/stm32f4-hal/stm32f4xx_hal_rcc.o
 .comment       0x000000000000006e       0x6f ./system/src/newlib/_exit.o
 .comment       0x000000000000006e       0x6f ./system/src/newlib/_sbrk.o
 .comment       0x000000000000006e       0x6f ./system/src/newlib/_startup.o
 .comment       0x000000000000006e       0x6f ./system/src/newlib/_syscalls.o
 .comment       0x000000000000006e       0x6f ./system/src/newlib/assert.o
 .comment       0x000000000000006e       0x6f ./system/src/diag/Trace.o
 .comment       0x000000000000006e       0x6f ./system/src/diag/trace_impl.o
 .comment       0x000000000000006e       0x6f ./system/src/cortexm/_initialize_hardware.o
 .comment       0x000000000000006e       0x6f ./system/src/cortexm/exception_handlers.o
 .comment       0x000000000000006e       0x6f ./system/src/cmsis/system_stm32f4xx.o
 .comment       0x000000000000006e       0x6f ./system/src/cmsis/vectors_stm32f429xx.o
 .comment       0x000000000000006e       0x6f ./src/BlinkLed.o
 .comment       0x000000000000006e       0x6f ./src/Timer.o
 .comment       0x000000000000006e       0x6f ./src/_initialize_hardware.o
 .comment       0x000000000000006e       0x6f ./src/main.o
 .comment       0x000000000000006e       0x6f ./src/stm32f4xx_hal_msp.o

.ARM.attributes
                0x0000000000000000       0x31
 .ARM.attributes
                0x0000000000000000       0x33 ./system/src/stm32f4-hal/stm32f4xx_hal.o
 .ARM.attributes
                0x0000000000000033       0x33 ./system/src/stm32f4-hal/stm32f4xx_hal_cortex.o
 .ARM.attributes
                0x0000000000000066       0x33 ./system/src/stm32f4-hal/stm32f4xx_hal_gpio.o
 .ARM.attributes
                0x0000000000000099       0x33 ./system/src/stm32f4-hal/stm32f4xx_hal_rcc.o
 .ARM.attributes
                0x00000000000000cc       0x33 ./system/src/newlib/_exit.o
 .ARM.attributes
                0x00000000000000ff       0x33 ./system/src/newlib/_sbrk.o
 .ARM.attributes
                0x0000000000000132       0x33 ./system/src/newlib/_startup.o
 .ARM.attributes
                0x0000000000000165       0x33 ./system/src/newlib/_syscalls.o
 .ARM.attributes
                0x0000000000000198       0x33 ./system/src/newlib/assert.o
 .ARM.attributes
                0x00000000000001cb       0x33 ./system/src/diag/Trace.o
 .ARM.attributes
                0x00000000000001fe       0x33 ./system/src/diag/trace_impl.o
 .ARM.attributes
                0x0000000000000231       0x33 ./system/src/cortexm/_initialize_hardware.o
 .ARM.attributes
                0x0000000000000264       0x33 ./system/src/cortexm/exception_handlers.o
 .ARM.attributes
                0x0000000000000297       0x33 ./system/src/cmsis/system_stm32f4xx.o
 .ARM.attributes
                0x00000000000002ca       0x33 ./system/src/cmsis/vectors_stm32f429xx.o
 .ARM.attributes
                0x00000000000002fd       0x33 ./src/BlinkLed.o
 .ARM.attributes
                0x0000000000000330       0x33 ./src/Timer.o
 .ARM.attributes
                0x0000000000000363       0x33 ./src/_initialize_hardware.o
 .ARM.attributes
                0x0000000000000396       0x33 ./src/main.o
 .ARM.attributes
                0x00000000000003c9       0x33 ./src/stm32f4xx_hal_msp.o
 .ARM.attributes
                0x00000000000003fc       0x1e /usr/local/gcc-arm-none-eabi-5_4-2016q3/bin/../lib/gcc/arm-none-eabi/5.4.1/armv7e-m/libgcc.a(_arm_muldivsf3.o)
 .ARM.attributes
                0x000000000000041a       0x1e /usr/local/gcc-arm-none-eabi-5_4-2016q3/bin/../lib/gcc/arm-none-eabi/5.4.1/armv7e-m/libgcc.a(_arm_fixunssfsi.o)
 .ARM.attributes
                0x0000000000000438       0x2e /usr/local/gcc-arm-none-eabi-5_4-2016q3/bin/../lib/gcc/arm-none-eabi/5.4.1/../../../../arm-none-eabi/lib/armv7e-m/libg_nano.a(lib_a-errno.o)
 .ARM.attributes
                0x0000000000000466       0x2e /usr/local/gcc-arm-none-eabi-5_4-2016q3/bin/../lib/gcc/arm-none-eabi/5.4.1/../../../../arm-none-eabi/lib/armv7e-m/libg_nano.a(lib_a-impure.o)
 .ARM.attributes
                0x0000000000000494       0x17 /usr/local/gcc-arm-none-eabi-5_4-2016q3/bin/../lib/gcc/arm-none-eabi/5.4.1/../../../../arm-none-eabi/lib/armv7e-m/libg_nano.a(lib_a-strlen.o)
 .ARM.attributes
                0x00000000000004ab       0x2e /usr/local/gcc-arm-none-eabi-5_4-2016q3/bin/../lib/gcc/arm-none-eabi/5.4.1/../../../../arm-none-eabi/lib/armv7e-m/libg_nano.a(lib_a-vsnprintf.o)
 .ARM.attributes
                0x00000000000004d9       0x2e /usr/local/gcc-arm-none-eabi-5_4-2016q3/bin/../lib/gcc/arm-none-eabi/5.4.1/../../../../arm-none-eabi/lib/armv7e-m/libg_nano.a(lib_a-nano-svfprintf.o)
 .ARM.attributes
                0x0000000000000507       0x2e /usr/local/gcc-arm-none-eabi-5_4-2016q3/bin/../lib/gcc/arm-none-eabi/5.4.1/../../../../arm-none-eabi/lib/armv7e-m/libg_nano.a(lib_a-nano-vfprintf_i.o)
 .ARM.attributes
                0x0000000000000535       0x1c /usr/local/gcc-arm-none-eabi-5_4-2016q3/bin/../lib/gcc/arm-none-eabi/5.4.1/../../../../arm-none-eabi/lib/armv7e-m/libg_nano.a(lib_a-memchr.o)
 .ARM.attributes
                0x0000000000000551       0x2e /usr/local/gcc-arm-none-eabi-5_4-2016q3/bin/../lib/gcc/arm-none-eabi/5.4.1/../../../../arm-none-eabi/lib/armv7e-m/libg_nano.a(lib_a-memcpy-stub.o)
 .ARM.attributes
                0x000000000000057f       0x2e /usr/local/gcc-arm-none-eabi-5_4-2016q3/bin/../lib/gcc/arm-none-eabi/5.4.1/../../../../arm-none-eabi/lib/armv7e-m/libg_nano.a(lib_a-memmove.o)
 .ARM.attributes
                0x00000000000005ad       0x2e /usr/local/gcc-arm-none-eabi-5_4-2016q3/bin/../lib/gcc/arm-none-eabi/5.4.1/../../../../arm-none-eabi/lib/armv7e-m/libg_nano.a(lib_a-nano-freer.o)
 .ARM.attributes
                0x00000000000005db       0x2e /usr/local/gcc-arm-none-eabi-5_4-2016q3/bin/../lib/gcc/arm-none-eabi/5.4.1/../../../../arm-none-eabi/lib/armv7e-m/libg_nano.a(lib_a-nano-mallocr.o)
 .ARM.attributes
                0x0000000000000609       0x2e /usr/local/gcc-arm-none-eabi-5_4-2016q3/bin/../lib/gcc/arm-none-eabi/5.4.1/../../../../arm-none-eabi/lib/armv7e-m/libg_nano.a(lib_a-nano-reallocr.o)
 .ARM.attributes
                0x0000000000000637       0x2e /usr/local/gcc-arm-none-eabi-5_4-2016q3/bin/../lib/gcc/arm-none-eabi/5.4.1/../../../../arm-none-eabi/lib/armv7e-m/libg_nano.a(lib_a-sbrkr.o)
 .ARM.attributes
                0x0000000000000665       0x2e /usr/local/gcc-arm-none-eabi-5_4-2016q3/bin/../lib/gcc/arm-none-eabi/5.4.1/../../../../arm-none-eabi/lib/armv7e-m/libg_nano.a(lib_a-mlock.o)
 .ARM.attributes
                0x0000000000000693       0x2e /usr/local/gcc-arm-none-eabi-5_4-2016q3/bin/../lib/gcc/arm-none-eabi/5.4.1/../../../../arm-none-eabi/lib/armv7e-m/libg_nano.a(lib_a-nano-msizer.o)

.debug
 *(.debug)

.line
 *(.line)

.debug_srcinfo
 *(.debug_srcinfo)

.debug_sfnames
 *(.debug_sfnames)

.debug_aranges  0x0000000000000000      0x598
 *(.debug_aranges)
 .debug_aranges
                0x0000000000000000       0xd0 ./system/src/stm32f4-hal/stm32f4xx_hal.o
 .debug_aranges
                0x00000000000000d0       0x98 ./system/src/stm32f4-hal/stm32f4xx_hal_cortex.o
 .debug_aranges
                0x0000000000000168       0x58 ./system/src/stm32f4-hal/stm32f4xx_hal_gpio.o
 .debug_aranges
                0x00000000000001c0       0x88 ./system/src/stm32f4-hal/stm32f4xx_hal_rcc.o
 .debug_aranges
                0x0000000000000248       0x28 ./system/src/newlib/_exit.o
 .debug_aranges
                0x0000000000000270       0x20 ./system/src/newlib/_sbrk.o
 .debug_aranges
                0x0000000000000290       0x40 ./system/src/newlib/_startup.o
 .debug_aranges
                0x00000000000002d0       0x30 ./system/src/newlib/_syscalls.o
 .debug_aranges
                0x0000000000000300       0x28 ./system/src/newlib/assert.o
 .debug_aranges
                0x0000000000000328       0x38 ./system/src/diag/Trace.o
 .debug_aranges
                0x0000000000000360       0x30 ./system/src/diag/trace_impl.o
 .debug_aranges
                0x0000000000000390       0x28 ./system/src/cortexm/_initialize_hardware.o
 .debug_aranges
                0x00000000000003b8       0x90 ./system/src/cortexm/exception_handlers.o
 .debug_aranges
                0x0000000000000448       0x28 ./system/src/cmsis/system_stm32f4xx.o
 .debug_aranges
                0x0000000000000470       0x20 ./system/src/cmsis/vectors_stm32f429xx.o
 .debug_aranges
                0x0000000000000490       0x48 ./src/BlinkLed.o
 .debug_aranges
                0x00000000000004d8       0x28 ./src/Timer.o
 .debug_aranges
                0x0000000000000500       0x28 ./src/_initialize_hardware.o
 .debug_aranges
                0x0000000000000528       0x38 ./src/main.o
 .debug_aranges
                0x0000000000000560       0x38 ./src/stm32f4xx_hal_msp.o

.debug_pubnames
 *(.debug_pubnames)

.debug_info     0x0000000000000000     0x6e36
 *(.debug_info .gnu.linkonce.wi.*)
 .debug_info    0x0000000000000000      0x9a9 ./system/src/stm32f4-hal/stm32f4xx_hal.o
 .debug_info    0x00000000000009a9     0x112a ./system/src/stm32f4-hal/stm32f4xx_hal_cortex.o
 .debug_info    0x0000000000001ad3      0x884 ./system/src/stm32f4-hal/stm32f4xx_hal_gpio.o
 .debug_info    0x0000000000002357      0xf57 ./system/src/stm32f4-hal/stm32f4xx_hal_rcc.o
 .debug_info    0x00000000000032ae       0xef ./system/src/newlib/_exit.o
 .debug_info    0x000000000000339d      0x11f ./system/src/newlib/_sbrk.o
 .debug_info    0x00000000000034bc      0x4ef ./system/src/newlib/_startup.o
 .debug_info    0x00000000000039ab      0x1c7 ./system/src/newlib/_syscalls.o
 .debug_info    0x0000000000003b72      0x1a3 ./system/src/newlib/assert.o
 .debug_info    0x0000000000003d15      0x2e7 ./system/src/diag/Trace.o
 .debug_info    0x0000000000003ffc      0x30a ./system/src/diag/trace_impl.o
 .debug_info    0x0000000000004306      0x2bf ./system/src/cortexm/_initialize_hardware.o
 .debug_info    0x00000000000045c5      0x8f4 ./system/src/cortexm/exception_handlers.o
 .debug_info    0x0000000000004eb9      0x4d3 ./system/src/cmsis/system_stm32f4xx.o
 .debug_info    0x000000000000538c       0xd1 ./system/src/cmsis/vectors_stm32f429xx.o
 .debug_info    0x000000000000545d      0x5e5 ./src/BlinkLed.o
 .debug_info    0x0000000000005a42      0x1cb ./src/Timer.o
 .debug_info    0x0000000000005c0d      0x503 ./src/_initialize_hardware.o
 .debug_info    0x0000000000006110      0xc41 ./src/main.o
 .debug_info    0x0000000000006d51       0xe5 ./src/stm32f4xx_hal_msp.o

.debug_abbrev   0x0000000000000000     0x2002
 *(.debug_abbrev)
 .debug_abbrev  0x0000000000000000      0x235 ./system/src/stm32f4-hal/stm32f4xx_hal.o
 .debug_abbrev  0x0000000000000235      0x324 ./system/src/stm32f4-hal/stm32f4xx_hal_cortex.o
 .debug_abbrev  0x0000000000000559      0x204 ./system/src/stm32f4-hal/stm32f4xx_hal_gpio.o
 .debug_abbrev  0x000000000000075d      0x2d2 ./system/src/stm32f4-hal/stm32f4xx_hal_rcc.o
 .debug_abbrev  0x0000000000000a2f       0x8e ./system/src/newlib/_exit.o
 .debug_abbrev  0x0000000000000abd       0xb9 ./system/src/newlib/_sbrk.o
 .debug_abbrev  0x0000000000000b76      0x1d4 ./system/src/newlib/_startup.o
 .debug_abbrev  0x0000000000000d4a       0xec ./system/src/newlib/_syscalls.o
 .debug_abbrev  0x0000000000000e36       0xab ./system/src/newlib/assert.o
 .debug_abbrev  0x0000000000000ee1      0x156 ./system/src/diag/Trace.o
 .debug_abbrev  0x0000000000001037      0x1c8 ./system/src/diag/trace_impl.o
 .debug_abbrev  0x00000000000011ff       0xea ./system/src/cortexm/_initialize_hardware.o
 .debug_abbrev  0x00000000000012e9      0x247 ./system/src/cortexm/exception_handlers.o
 .debug_abbrev  0x0000000000001530      0x104 ./system/src/cmsis/system_stm32f4xx.o
 .debug_abbrev  0x0000000000001634       0x9d ./system/src/cmsis/vectors_stm32f429xx.o
 .debug_abbrev  0x00000000000016d1      0x21a ./src/BlinkLed.o
 .debug_abbrev  0x00000000000018eb      0x1a6 ./src/Timer.o
 .debug_abbrev  0x0000000000001a91      0x14c ./src/_initialize_hardware.o
 .debug_abbrev  0x0000000000001bdd      0x3bb ./src/main.o
 .debug_abbrev  0x0000000000001f98       0x6a ./src/stm32f4xx_hal_msp.o

.debug_line     0x0000000000000000     0xa87b
 *(.debug_line)
 .debug_line    0x0000000000000000      0xbde ./system/src/stm32f4-hal/stm32f4xx_hal.o
 .debug_line    0x0000000000000bde      0xc8d ./system/src/stm32f4-hal/stm32f4xx_hal_cortex.o
 .debug_line    0x000000000000186b      0xd7f ./system/src/stm32f4-hal/stm32f4xx_hal_gpio.o
 .debug_line    0x00000000000025ea      0xe5c ./system/src/stm32f4-hal/stm32f4xx_hal_rcc.o
 .debug_line    0x0000000000003446      0x2f8 ./system/src/newlib/_exit.o
 .debug_line    0x000000000000373e      0x2aa ./system/src/newlib/_sbrk.o
 .debug_line    0x00000000000039e8      0x372 ./system/src/newlib/_startup.o
 .debug_line    0x0000000000003d5a      0x3b4 ./system/src/newlib/_syscalls.o
 .debug_line    0x000000000000410e      0x333 ./system/src/newlib/assert.o
 .debug_line    0x0000000000004441      0x364 ./system/src/diag/Trace.o
 .debug_line    0x00000000000047a5      0xae5 ./system/src/diag/trace_impl.o
 .debug_line    0x000000000000528a      0xa4e ./system/src/cortexm/_initialize_hardware.o
 .debug_line    0x0000000000005cd8      0xb84 ./system/src/cortexm/exception_handlers.o
 .debug_line    0x000000000000685c      0xa4e ./system/src/cmsis/system_stm32f4xx.o
 .debug_line    0x00000000000072aa       0xf4 ./system/src/cmsis/vectors_stm32f429xx.o
 .debug_line    0x000000000000739e      0xa85 ./src/BlinkLed.o
 .debug_line    0x0000000000007e23      0xa72 ./src/Timer.o
 .debug_line    0x0000000000008895      0xa47 ./src/_initialize_hardware.o
 .debug_line    0x00000000000092dc      0xb57 ./src/main.o
 .debug_line    0x0000000000009e33      0xa48 ./src/stm32f4xx_hal_msp.o

.debug_frame    0x0000000000000000      0xe50
 *(.debug_frame)
 .debug_frame   0x0000000000000000      0x1a8 ./system/src/stm32f4-hal/stm32f4xx_hal.o
 .debug_frame   0x00000000000001a8      0x17c ./system/src/stm32f4-hal/stm32f4xx_hal_cortex.o
 .debug_frame   0x0000000000000324       0xf8 ./system/src/stm32f4-hal/stm32f4xx_hal_gpio.o
 .debug_frame   0x000000000000041c      0x150 ./system/src/stm32f4-hal/stm32f4xx_hal_rcc.o
 .debug_frame   0x000000000000056c       0x38 ./system/src/newlib/_exit.o
 .debug_frame   0x00000000000005a4       0x28 ./system/src/newlib/_sbrk.o
 .debug_frame   0x00000000000005cc       0x7c ./system/src/newlib/_startup.o
 .debug_frame   0x0000000000000648       0x50 ./system/src/newlib/_syscalls.o
 .debug_frame   0x0000000000000698       0x40 ./system/src/newlib/assert.o
 .debug_frame   0x00000000000006d8       0x94 ./system/src/diag/Trace.o
 .debug_frame   0x000000000000076c       0x60 ./system/src/diag/trace_impl.o
 .debug_frame   0x00000000000007cc       0x40 ./system/src/cortexm/_initialize_hardware.o
 .debug_frame   0x000000000000080c      0x158 ./system/src/cortexm/exception_handlers.o
 .debug_frame   0x0000000000000964       0x30 ./system/src/cmsis/system_stm32f4xx.o
 .debug_frame   0x0000000000000994       0x20 ./system/src/cmsis/vectors_stm32f429xx.o
 .debug_frame   0x00000000000009b4       0x8c ./src/BlinkLed.o
 .debug_frame   0x0000000000000a40       0x38 ./src/Timer.o
 .debug_frame   0x0000000000000a78       0x48 ./src/_initialize_hardware.o
 .debug_frame   0x0000000000000ac0       0x7c ./src/main.o
 .debug_frame   0x0000000000000b3c       0x50 ./src/stm32f4xx_hal_msp.o
 .debug_frame   0x0000000000000b8c       0x20 /usr/local/gcc-arm-none-eabi-5_4-2016q3/bin/../lib/gcc/arm-none-eabi/5.4.1/../../../../arm-none-eabi/lib/armv7e-m/libg_nano.a(lib_a-errno.o)
 .debug_frame   0x0000000000000bac       0x48 /usr/local/gcc-arm-none-eabi-5_4-2016q3/bin/../lib/gcc/arm-none-eabi/5.4.1/../../../../arm-none-eabi/lib/armv7e-m/libg_nano.a(lib_a-vsnprintf.o)
 .debug_frame   0x0000000000000bf4       0x90 /usr/local/gcc-arm-none-eabi-5_4-2016q3/bin/../lib/gcc/arm-none-eabi/5.4.1/../../../../arm-none-eabi/lib/armv7e-m/libg_nano.a(lib_a-nano-svfprintf.o)
 .debug_frame   0x0000000000000c84       0x60 /usr/local/gcc-arm-none-eabi-5_4-2016q3/bin/../lib/gcc/arm-none-eabi/5.4.1/../../../../arm-none-eabi/lib/armv7e-m/libg_nano.a(lib_a-nano-vfprintf_i.o)
 .debug_frame   0x0000000000000ce4       0x28 /usr/local/gcc-arm-none-eabi-5_4-2016q3/bin/../lib/gcc/arm-none-eabi/5.4.1/../../../../arm-none-eabi/lib/armv7e-m/libg_nano.a(lib_a-memcpy-stub.o)
 .debug_frame   0x0000000000000d0c       0x28 /usr/local/gcc-arm-none-eabi-5_4-2016q3/bin/../lib/gcc/arm-none-eabi/5.4.1/../../../../arm-none-eabi/lib/armv7e-m/libg_nano.a(lib_a-memmove.o)
 .debug_frame   0x0000000000000d34       0x38 /usr/local/gcc-arm-none-eabi-5_4-2016q3/bin/../lib/gcc/arm-none-eabi/5.4.1/../../../../arm-none-eabi/lib/armv7e-m/libg_nano.a(lib_a-nano-freer.o)
 .debug_frame   0x0000000000000d6c       0x2c /usr/local/gcc-arm-none-eabi-5_4-2016q3/bin/../lib/gcc/arm-none-eabi/5.4.1/../../../../arm-none-eabi/lib/armv7e-m/libg_nano.a(lib_a-nano-mallocr.o)
 .debug_frame   0x0000000000000d98       0x3c /usr/local/gcc-arm-none-eabi-5_4-2016q3/bin/../lib/gcc/arm-none-eabi/5.4.1/../../../../arm-none-eabi/lib/armv7e-m/libg_nano.a(lib_a-nano-reallocr.o)
 .debug_frame   0x0000000000000dd4       0x2c /usr/local/gcc-arm-none-eabi-5_4-2016q3/bin/../lib/gcc/arm-none-eabi/5.4.1/../../../../arm-none-eabi/lib/armv7e-m/libg_nano.a(lib_a-sbrkr.o)
 .debug_frame   0x0000000000000e00       0x30 /usr/local/gcc-arm-none-eabi-5_4-2016q3/bin/../lib/gcc/arm-none-eabi/5.4.1/../../../../arm-none-eabi/lib/armv7e-m/libg_nano.a(lib_a-mlock.o)
 .debug_frame   0x0000000000000e30       0x20 /usr/local/gcc-arm-none-eabi-5_4-2016q3/bin/../lib/gcc/arm-none-eabi/5.4.1/../../../../arm-none-eabi/lib/armv7e-m/libg_nano.a(lib_a-nano-msizer.o)

.debug_str      0x0000000000000000    0xa8872
 *(.debug_str)
 .debug_str     0x0000000000000000    0xa44f3 ./system/src/stm32f4-hal/stm32f4xx_hal.o
                                      0xa48f1 (size before relaxing)
 .debug_str     0x00000000000a44f3      0x36f ./system/src/stm32f4-hal/stm32f4xx_hal_cortex.o
                                      0xa470f (size before relaxing)
 .debug_str     0x00000000000a4862      0x2bf ./system/src/stm32f4-hal/stm32f4xx_hal_gpio.o
                                      0xa40d4 (size before relaxing)
 .debug_str     0x00000000000a4b21      0x393 ./system/src/stm32f4-hal/stm32f4xx_hal_rcc.o
                                      0xa4272 (size before relaxing)
 .debug_str     0x00000000000a4eb4     0x10b6 ./system/src/newlib/_exit.o
                                       0x6ecf (size before relaxing)
 .debug_str     0x00000000000a5f6a      0x4de ./system/src/newlib/_sbrk.o
                                       0x62ba (size before relaxing)
 .debug_str     0x00000000000a6448      0x2cc ./system/src/newlib/_startup.o
                                       0x5ed5 (size before relaxing)
 .debug_str     0x00000000000a6714      0xe18 ./system/src/newlib/_syscalls.o
                                       0x711a (size before relaxing)
 .debug_str     0x00000000000a752c       0xd5 ./system/src/newlib/assert.o
                                       0x79d4 (size before relaxing)
 .debug_str     0x00000000000a7601      0x169 ./system/src/diag/Trace.o
                                       0x76bf (size before relaxing)
 .debug_str     0x00000000000a776a      0x37b ./system/src/diag/trace_impl.o
                                      0xa4f8f (size before relaxing)
 .debug_str     0x00000000000a7ae5       0x5e ./system/src/cortexm/_initialize_hardware.o
                                      0xa3d70 (size before relaxing)
 .debug_str     0x00000000000a7b43      0x19d ./system/src/cortexm/exception_handlers.o
                                      0xa5119 (size before relaxing)
 .debug_str     0x00000000000a7ce0       0x46 ./system/src/cmsis/system_stm32f4xx.o
                                      0xa3e62 (size before relaxing)
 .debug_str     0x00000000000a7d26       0x59 ./system/src/cmsis/vectors_stm32f429xx.o
                                       0x308c (size before relaxing)
 .debug_str     0x00000000000a7d7f      0x854 ./src/BlinkLed.o
                                      0xa43a8 (size before relaxing)
 .debug_str     0x00000000000a85d3       0xa6 ./src/Timer.o
                                      0xa4168 (size before relaxing)
 .debug_str     0x00000000000a8679       0x31 ./src/_initialize_hardware.o
                                      0xa3f68 (size before relaxing)
 .debug_str     0x00000000000a86aa      0x18b ./src/main.o
                                      0xa5a78 (size before relaxing)
 .debug_str     0x00000000000a8835       0x3d ./src/stm32f4xx_hal_msp.o
                                      0xa3caf (size before relaxing)

.debug_loc      0x0000000000000000     0x1ec2
 *(.debug_loc)
 .debug_loc     0x0000000000000000       0xbe ./system/src/stm32f4-hal/stm32f4xx_hal.o
 .debug_loc     0x00000000000000be      0x580 ./system/src/stm32f4-hal/stm32f4xx_hal_cortex.o
 .debug_loc     0x000000000000063e      0x4b0 ./system/src/stm32f4-hal/stm32f4xx_hal_gpio.o
 .debug_loc     0x0000000000000aee      0x57a ./system/src/stm32f4-hal/stm32f4xx_hal_rcc.o
 .debug_loc     0x0000000000001068       0x82 ./system/src/newlib/_sbrk.o
 .debug_loc     0x00000000000010ea      0x36e ./system/src/newlib/_startup.o
 .debug_loc     0x0000000000001458       0x63 ./system/src/newlib/_syscalls.o
 .debug_loc     0x00000000000014bb      0x110 ./system/src/newlib/assert.o
 .debug_loc     0x00000000000015cb      0x102 ./system/src/diag/Trace.o
 .debug_loc     0x00000000000016cd      0x17c ./system/src/diag/trace_impl.o
 .debug_loc     0x0000000000001849      0x2a8 ./system/src/cortexm/exception_handlers.o
 .debug_loc     0x0000000000001af1      0x132 ./system/src/cmsis/system_stm32f4xx.o
 .debug_loc     0x0000000000001c23       0xa4 ./src/BlinkLed.o
 .debug_loc     0x0000000000001cc7      0x1fb ./src/main.o

.debug_macinfo
 *(.debug_macinfo)

.debug_weaknames
 *(.debug_weaknames)

.debug_funcnames
 *(.debug_funcnames)

.debug_typenames
 *(.debug_typenames)

.debug_varnames
 *(.debug_varnames)
OUTPUT(lab2.elf elf32-littlearm)

.debug_ranges   0x0000000000000000      0x488
 .debug_ranges  0x0000000000000000       0xc0 ./system/src/stm32f4-hal/stm32f4xx_hal.o
 .debug_ranges  0x00000000000000c0       0x88 ./system/src/stm32f4-hal/stm32f4xx_hal_cortex.o
 .debug_ranges  0x0000000000000148       0x48 ./system/src/stm32f4-hal/stm32f4xx_hal_gpio.o
 .debug_ranges  0x0000000000000190       0x78 ./system/src/stm32f4-hal/stm32f4xx_hal_rcc.o
 .debug_ranges  0x0000000000000208       0x18 ./system/src/newlib/_exit.o
 .debug_ranges  0x0000000000000220       0x10 ./system/src/newlib/_sbrk.o
 .debug_ranges  0x0000000000000230       0x30 ./system/src/newlib/_startup.o
 .debug_ranges  0x0000000000000260       0x20 ./system/src/newlib/_syscalls.o
 .debug_ranges  0x0000000000000280       0x18 ./system/src/newlib/assert.o
 .debug_ranges  0x0000000000000298       0x28 ./system/src/diag/Trace.o
 .debug_ranges  0x00000000000002c0       0x38 ./system/src/diag/trace_impl.o
 .debug_ranges  0x00000000000002f8       0x18 ./system/src/cortexm/_initialize_hardware.o
 .debug_ranges  0x0000000000000310       0x98 ./system/src/cortexm/exception_handlers.o
 .debug_ranges  0x00000000000003a8       0x18 ./system/src/cmsis/system_stm32f4xx.o
 .debug_ranges  0x00000000000003c0       0x10 ./system/src/cmsis/vectors_stm32f429xx.o
 .debug_ranges  0x00000000000003d0       0x38 ./src/BlinkLed.o
 .debug_ranges  0x0000000000000408       0x18 ./src/Timer.o
 .debug_ranges  0x0000000000000420       0x18 ./src/_initialize_hardware.o
 .debug_ranges  0x0000000000000438       0x28 ./src/main.o
 .debug_ranges  0x0000000000000460       0x28 ./src/stm32f4xx_hal_msp.o

.debug_macro    0x0000000000000000    0x1f43b
 .debug_macro   0x0000000000000000      0x55b ./system/src/stm32f4-hal/stm32f4xx_hal.o
 .debug_macro   0x000000000000055b      0x898 ./system/src/stm32f4-hal/stm32f4xx_hal.o
 .debug_macro   0x0000000000000df3      0x289 ./system/src/stm32f4-hal/stm32f4xx_hal.o
 .debug_macro   0x000000000000107c       0x31 ./system/src/stm32f4-hal/stm32f4xx_hal.o
 .debug_macro   0x00000000000010ad       0x28 ./system/src/stm32f4-hal/stm32f4xx_hal.o
 .debug_macro   0x00000000000010d5      0x34e ./system/src/stm32f4-hal/stm32f4xx_hal.o
 .debug_macro   0x0000000000001423       0x35 ./system/src/stm32f4-hal/stm32f4xx_hal.o
 .debug_macro   0x0000000000001458       0x50 ./system/src/stm32f4-hal/stm32f4xx_hal.o
 .debug_macro   0x00000000000014a8      0xe66 ./system/src/stm32f4-hal/stm32f4xx_hal.o
 .debug_macro   0x000000000000230e     0xa373 ./system/src/stm32f4-hal/stm32f4xx_hal.o
 .debug_macro   0x000000000000c681       0x43 ./system/src/stm32f4-hal/stm32f4xx_hal.o
 .debug_macro   0x000000000000c6c4     0x34ef ./system/src/stm32f4-hal/stm32f4xx_hal.o
 .debug_macro   0x000000000000fbb3       0x22 ./system/src/stm32f4-hal/stm32f4xx_hal.o
 .debug_macro   0x000000000000fbd5       0x4c ./system/src/stm32f4-hal/stm32f4xx_hal.o
 .debug_macro   0x000000000000fc21       0x8d ./system/src/stm32f4-hal/stm32f4xx_hal.o
 .debug_macro   0x000000000000fcae       0x35 ./system/src/stm32f4-hal/stm32f4xx_hal.o
 .debug_macro   0x000000000000fce3       0x9c ./system/src/stm32f4-hal/stm32f4xx_hal.o
 .debug_macro   0x000000000000fd7f       0x16 ./system/src/stm32f4-hal/stm32f4xx_hal.o
 .debug_macro   0x000000000000fd95       0x4a ./system/src/stm32f4-hal/stm32f4xx_hal.o
 .debug_macro   0x000000000000fddf       0x97 ./system/src/stm32f4-hal/stm32f4xx_hal.o
 .debug_macro   0x000000000000fe76      0x30d ./system/src/stm32f4-hal/stm32f4xx_hal.o
 .debug_macro   0x0000000000010183       0xfd ./system/src/stm32f4-hal/stm32f4xx_hal.o
 .debug_macro   0x0000000000010280       0x10 ./system/src/stm32f4-hal/stm32f4xx_hal.o
 .debug_macro   0x0000000000010290       0x52 ./system/src/stm32f4-hal/stm32f4xx_hal.o
 .debug_macro   0x00000000000102e2       0x1f ./system/src/stm32f4-hal/stm32f4xx_hal.o
 .debug_macro   0x0000000000010301       0x43 ./system/src/stm32f4-hal/stm32f4xx_hal.o
 .debug_macro   0x0000000000010344       0x20 ./system/src/stm32f4-hal/stm32f4xx_hal.o
 .debug_macro   0x0000000000010364      0x187 ./system/src/stm32f4-hal/stm32f4xx_hal.o
 .debug_macro   0x00000000000104eb       0x10 ./system/src/stm32f4-hal/stm32f4xx_hal.o
 .debug_macro   0x00000000000104fb       0x5e ./system/src/stm32f4-hal/stm32f4xx_hal.o
 .debug_macro   0x0000000000010559       0x1c ./system/src/stm32f4-hal/stm32f4xx_hal.o
 .debug_macro   0x0000000000010575       0x52 ./system/src/stm32f4-hal/stm32f4xx_hal.o
 .debug_macro   0x00000000000105c7       0x40 ./system/src/stm32f4-hal/stm32f4xx_hal.o
 .debug_macro   0x0000000000010607       0x10 ./system/src/stm32f4-hal/stm32f4xx_hal.o
 .debug_macro   0x0000000000010617       0x40 ./system/src/stm32f4-hal/stm32f4xx_hal.o
 .debug_macro   0x0000000000010657       0xd7 ./system/src/stm32f4-hal/stm32f4xx_hal.o
 .debug_macro   0x000000000001072e       0x16 ./system/src/stm32f4-hal/stm32f4xx_hal.o
 .debug_macro   0x0000000000010744      0x18b ./system/src/stm32f4-hal/stm32f4xx_hal.o
 .debug_macro   0x00000000000108cf       0x57 ./system/src/stm32f4-hal/stm32f4xx_hal.o
 .debug_macro   0x0000000000010926      0xc9e ./system/src/stm32f4-hal/stm32f4xx_hal.o
 .debug_macro   0x00000000000115c4      0x9e1 ./system/src/stm32f4-hal/stm32f4xx_hal.o
 .debug_macro   0x0000000000011fa5      0x11e ./system/src/stm32f4-hal/stm32f4xx_hal.o
 .debug_macro   0x00000000000120c3      0x161 ./system/src/stm32f4-hal/stm32f4xx_hal.o
 .debug_macro   0x0000000000012224       0x27 ./system/src/stm32f4-hal/stm32f4xx_hal.o
 .debug_macro   0x000000000001224b      0x287 ./system/src/stm32f4-hal/stm32f4xx_hal.o
 .debug_macro   0x00000000000124d2       0x5f ./system/src/stm32f4-hal/stm32f4xx_hal.o
 .debug_macro   0x0000000000012531      0x23a ./system/src/stm32f4-hal/stm32f4xx_hal.o
 .debug_macro   0x000000000001276b      0x391 ./system/src/stm32f4-hal/stm32f4xx_hal.o
 .debug_macro   0x0000000000012afc      0x17d ./system/src/stm32f4-hal/stm32f4xx_hal.o
 .debug_macro   0x0000000000012c79       0xf9 ./system/src/stm32f4-hal/stm32f4xx_hal.o
 .debug_macro   0x0000000000012d72      0x36e ./system/src/stm32f4-hal/stm32f4xx_hal.o
 .debug_macro   0x00000000000130e0       0x23 ./system/src/stm32f4-hal/stm32f4xx_hal.o
 .debug_macro   0x0000000000013103      0x201 ./system/src/stm32f4-hal/stm32f4xx_hal.o
 .debug_macro   0x0000000000013304       0xe6 ./system/src/stm32f4-hal/stm32f4xx_hal.o
 .debug_macro   0x00000000000133ea       0xa1 ./system/src/stm32f4-hal/stm32f4xx_hal.o
 .debug_macro   0x000000000001348b       0x3c ./system/src/stm32f4-hal/stm32f4xx_hal.o
 .debug_macro   0x00000000000134c7       0x1f ./system/src/stm32f4-hal/stm32f4xx_hal.o
 .debug_macro   0x00000000000134e6      0x1cd ./system/src/stm32f4-hal/stm32f4xx_hal.o
 .debug_macro   0x00000000000136b3      0xcd6 ./system/src/stm32f4-hal/stm32f4xx_hal.o
 .debug_macro   0x0000000000014389      0x13a ./system/src/stm32f4-hal/stm32f4xx_hal.o
 .debug_macro   0x00000000000144c3      0x41d ./system/src/stm32f4-hal/stm32f4xx_hal.o
 .debug_macro   0x00000000000148e0       0x2e ./system/src/stm32f4-hal/stm32f4xx_hal.o
 .debug_macro   0x000000000001490e      0x582 ./system/src/stm32f4-hal/stm32f4xx_hal.o
 .debug_macro   0x0000000000014e90       0x88 ./system/src/stm32f4-hal/stm32f4xx_hal.o
 .debug_macro   0x0000000000014f18       0xd5 ./system/src/stm32f4-hal/stm32f4xx_hal.o
 .debug_macro   0x0000000000014fed      0x183 ./system/src/stm32f4-hal/stm32f4xx_hal.o
 .debug_macro   0x0000000000015170       0x10 ./system/src/stm32f4-hal/stm32f4xx_hal.o
 .debug_macro   0x0000000000015180      0x1a7 ./system/src/stm32f4-hal/stm32f4xx_hal.o
 .debug_macro   0x0000000000015327       0x22 ./system/src/stm32f4-hal/stm32f4xx_hal.o
 .debug_macro   0x0000000000015349       0xa5 ./system/src/stm32f4-hal/stm32f4xx_hal.o
 .debug_macro   0x00000000000153ee      0x18b ./system/src/stm32f4-hal/stm32f4xx_hal.o
 .debug_macro   0x0000000000015579       0x24 ./system/src/stm32f4-hal/stm32f4xx_hal.o
 .debug_macro   0x000000000001559d       0x35 ./system/src/stm32f4-hal/stm32f4xx_hal.o
 .debug_macro   0x00000000000155d2       0x79 ./system/src/stm32f4-hal/stm32f4xx_hal.o
 .debug_macro   0x000000000001564b      0x183 ./system/src/stm32f4-hal/stm32f4xx_hal.o
 .debug_macro   0x00000000000157ce       0xd6 ./system/src/stm32f4-hal/stm32f4xx_hal.o
 .debug_macro   0x00000000000158a4      0x11e ./system/src/stm32f4-hal/stm32f4xx_hal.o
 .debug_macro   0x00000000000159c2       0xe2 ./system/src/stm32f4-hal/stm32f4xx_hal.o
 .debug_macro   0x0000000000015aa4       0x89 ./system/src/stm32f4-hal/stm32f4xx_hal.o
 .debug_macro   0x0000000000015b2d       0x7e ./system/src/stm32f4-hal/stm32f4xx_hal.o
 .debug_macro   0x0000000000015bab      0x31a ./system/src/stm32f4-hal/stm32f4xx_hal.o
 .debug_macro   0x0000000000015ec5      0x409 ./system/src/stm32f4-hal/stm32f4xx_hal.o
 .debug_macro   0x00000000000162ce       0xe4 ./system/src/stm32f4-hal/stm32f4xx_hal.o
 .debug_macro   0x00000000000163b2      0x39f ./system/src/stm32f4-hal/stm32f4xx_hal.o
 .debug_macro   0x0000000000016751       0xcf ./system/src/stm32f4-hal/stm32f4xx_hal.o
 .debug_macro   0x0000000000016820      0x48d ./system/src/stm32f4-hal/stm32f4xx_hal.o
 .debug_macro   0x0000000000016cad      0x22b ./system/src/stm32f4-hal/stm32f4xx_hal.o
 .debug_macro   0x0000000000016ed8      0x202 ./system/src/stm32f4-hal/stm32f4xx_hal.o
 .debug_macro   0x00000000000170da      0x6d9 ./system/src/stm32f4-hal/stm32f4xx_hal.o
 .debug_macro   0x00000000000177b3       0x5b ./system/src/stm32f4-hal/stm32f4xx_hal.o
 .debug_macro   0x000000000001780e      0x14d ./system/src/stm32f4-hal/stm32f4xx_hal.o
 .debug_macro   0x000000000001795b      0x287 ./system/src/stm32f4-hal/stm32f4xx_hal.o
 .debug_macro   0x0000000000017be2      0x225 ./system/src/stm32f4-hal/stm32f4xx_hal.o
 .debug_macro   0x0000000000017e07      0x1b5 ./system/src/stm32f4-hal/stm32f4xx_hal.o
 .debug_macro   0x0000000000017fbc      0x2db ./system/src/stm32f4-hal/stm32f4xx_hal.o
 .debug_macro   0x0000000000018297       0x89 ./system/src/stm32f4-hal/stm32f4xx_hal.o
 .debug_macro   0x0000000000018320      0x1df ./system/src/stm32f4-hal/stm32f4xx_hal.o
 .debug_macro   0x00000000000184ff      0x115 ./system/src/stm32f4-hal/stm32f4xx_hal.o
 .debug_macro   0x0000000000018614       0x6e ./system/src/stm32f4-hal/stm32f4xx_hal.o
 .debug_macro   0x0000000000018682      0x12c ./system/src/stm32f4-hal/stm32f4xx_hal.o
 .debug_macro   0x00000000000187ae      0x50d ./system/src/stm32f4-hal/stm32f4xx_hal_cortex.o
 .debug_macro   0x0000000000018cbb      0x545 ./system/src/stm32f4-hal/stm32f4xx_hal_gpio.o
 .debug_macro   0x0000000000019200      0x537 ./system/src/stm32f4-hal/stm32f4xx_hal_rcc.o
 .debug_macro   0x0000000000019737      0x19c ./system/src/newlib/_exit.o
 .debug_macro   0x00000000000198d3      0x10e ./system/src/newlib/_exit.o
 .debug_macro   0x00000000000199e1       0x8d ./system/src/newlib/_exit.o
 .debug_macro   0x0000000000019a6e       0x35 ./system/src/newlib/_exit.o
 .debug_macro   0x0000000000019aa3      0x151 ./system/src/newlib/_sbrk.o
 .debug_macro   0x0000000000019bf4      0x174 ./system/src/newlib/_sbrk.o
 .debug_macro   0x0000000000019d68       0x10 ./system/src/newlib/_sbrk.o
 .debug_macro   0x0000000000019d78      0x23b ./system/src/newlib/_sbrk.o
 .debug_macro   0x0000000000019fb3      0x15b ./system/src/newlib/_startup.o
 .debug_macro   0x000000000001a10e      0x89e ./system/src/newlib/_startup.o
 .debug_macro   0x000000000001a9ac      0x1ff ./system/src/newlib/_syscalls.o
 .debug_macro   0x000000000001abab       0x1c ./system/src/newlib/_syscalls.o
 .debug_macro   0x000000000001abc7       0x10 ./system/src/newlib/_syscalls.o
 .debug_macro   0x000000000001abd7       0x10 ./system/src/newlib/_syscalls.o
 .debug_macro   0x000000000001abe7       0x10 ./system/src/newlib/_syscalls.o
 .debug_macro   0x000000000001abf7       0x35 ./system/src/newlib/_syscalls.o
 .debug_macro   0x000000000001ac2c      0x122 ./system/src/newlib/_syscalls.o
 .debug_macro   0x000000000001ad4e       0x88 ./system/src/newlib/_syscalls.o
 .debug_macro   0x000000000001add6       0x2b ./system/src/newlib/_syscalls.o
 .debug_macro   0x000000000001ae01      0x118 ./system/src/newlib/_syscalls.o
 .debug_macro   0x000000000001af19      0x159 ./system/src/newlib/_syscalls.o
 .debug_macro   0x000000000001b072       0x16 ./system/src/newlib/_syscalls.o
 .debug_macro   0x000000000001b088      0x1b8 ./system/src/newlib/assert.o
 .debug_macro   0x000000000001b240       0x1c ./system/src/newlib/assert.o
 .debug_macro   0x000000000001b25c      0x1d9 ./system/src/diag/Trace.o
 .debug_macro   0x000000000001b435       0x4c ./system/src/diag/Trace.o
 .debug_macro   0x000000000001b481       0x16 ./system/src/diag/Trace.o
 .debug_macro   0x000000000001b497      0x553 ./system/src/diag/trace_impl.o
 .debug_macro   0x000000000001b9ea       0x22 ./system/src/diag/trace_impl.o
 .debug_macro   0x000000000001ba0c      0x517 ./system/src/cortexm/_initialize_hardware.o
 .debug_macro   0x000000000001bf23      0x576 ./system/src/cortexm/exception_handlers.o
 .debug_macro   0x000000000001c499       0x3b ./system/src/cortexm/exception_handlers.o
 .debug_macro   0x000000000001c4d4      0x513 ./system/src/cmsis/system_stm32f4xx.o
 .debug_macro   0x000000000001c9e7       0x34 ./system/src/cmsis/vectors_stm32f429xx.o
 .debug_macro   0x000000000001ca1b      0x529 ./src/BlinkLed.o
 .debug_macro   0x000000000001cf44      0xe66 ./src/BlinkLed.o
 .debug_macro   0x000000000001ddaa       0x97 ./src/BlinkLed.o
 .debug_macro   0x000000000001de41      0x104 ./src/BlinkLed.o
 .debug_macro   0x000000000001df45      0x52a ./src/Timer.o
 .debug_macro   0x000000000001e46f       0x10 ./src/Timer.o
 .debug_macro   0x000000000001e47f      0x50d ./src/_initialize_hardware.o
 .debug_macro   0x000000000001e98c      0x5a2 ./src/main.o
 .debug_macro   0x000000000001ef2e      0x50d ./src/stm32f4xx_hal_msp.o
